structureId,t-alpha
6VXX_A,0.0
6VXX_B,0.0254452761871732
6VXX_C,0.0689655430268945
3D0H_B,0.1852942030492377
3D0H_A,0.2374617258507481
3D0H_F,0.8686246066632521
3D0H_E,0.9500002748996104
