structureId,b-phipsi
6VXX_A,-1.2160228416647206e-08
6VXX_B,5.894373919306382e-09
6VXX_C,2.204205180302208e-08
3D0H_F,0.0203530137705823
3D0H_E,0.0231709519051368
3D0H_A,0.0985097429528693
3D0H_B,0.0985751879197889
