structureId,w-rdist
6VXX_A,0.0
6VXX_B,7.617386263618201e-05
6VXX_C,7.653592189866652e-05
3D0H_A,1.3776416736589776
3D0H_B,1.3882568978304033
3D0H_F,1.5331807035194478
3D0H_E,1.533903067413368
