structureId	b-phipsi	w-rdist	t-alpha
6VXX_A	0.0	0.0	0.0
6VXX_B	7.609799851809729e-10	7.617386263618201e-05	0.0254452926208648
6VXX_C	1.2189244397461187e-09	7.653592189866652e-05	0.0689655172413796
3D0H_A	0.0985097471539994	1.3776416736589776	0.2374616171954968
3D0H_F	0.0203530266969092	1.5331807035194478	0.8686244204018554
3D0H_B	0.0985751888259849	1.3882568978304033	0.1852941176470588
3D0H_E	0.0231709746125485	1.533903067413368	0.9499999999999992
