<!DOCTYPE html><head><style> .column, .description, .item-separator {	float: left; width: 100%;} .edges {	width: 35%;}.middle {   width: 30%;}              .container{	padding: 10px;	overflow: visible;} .odd{border-color: bisque;} li{ word-break: break-word; }              hr { border-radius: 5px; border: 2px dashed silver; width: 85%;} .row_index { width: max-content; position: relative;              margin-top: -28px; font-size: 22pt; font-weight: bolder; color: silver;} body { font-family: 'Roboto',sans-serif;}              h1{color: gray;} .goinfo {font-size: smaller;} .goheader{font-size: initial;}  @media print{ .description, .goinfo {display: none !important;}              .middle, .edges { width: 100%;}  ul, li {display: inline; padding: 2px;} .container { margin-bottom: 10px; } .column { padding: 5px; } }             </style><meta charset="UTF-8"></head><body><h1>Structural Comparison Report for 6VXX_A - whole structures (total: 6)</h1><div class="container"><div class="item-separator"><hr></div></div><div class="container"><div class="column edges"><div class="row_index">1</div><ul><li><b>PDB ID:</b> <a href="https://www.rcsb.org/structure/6VXX">6VXX</a> | <b>Chain:</b> B</li><li><b>b-phipsi:</b> 5.894373919306382e-09</li><li><b>w-rdist:</b> 7.617386263618201e-05</li><li><b>t-alpha:</b> 0.0254452761871732</li></ul></div></div><div class="container"><div class="item-separator"><hr></div></div><div class="container"><div class="item-separator"><hr></div></div>
<div class="container odd"><div class="column edges"><div class="row_index">2</div><ul><li><b>PDB ID:</b> <a href="https://www.rcsb.org/structure/6VXX">6VXX</a> | <b>Chain:</b> C</li><li><b>b-phipsi:</b> 2.204205180302208e-08</li><li><b>w-rdist:</b> 7.653592189866652e-05</li><li><b>t-alpha:</b> 0.0689655430268945</li></ul></div></div><div class="container"><div class="item-separator"><hr></div></div><div class="container"><div class="item-separator"><hr></div></div>
<div class="container"><div class="column edges"><div class="row_index">3</div><ul><li><b>PDB ID:</b> <a href="https://www.rcsb.org/structure/3D0H">3D0H</a> | <b>Chain:</b> A</li><li><b>b-phipsi:</b> 0.0985097429528693</li><li><b>w-rdist:</b> 1.3776416736589776</li><li><b>t-alpha:</b> 0.2374617258507481</li></ul></div></div><div class="container"><div class="item-separator"><hr></div></div><div class="container"><div class="item-separator"><hr></div></div>
<div class="container odd"><div class="column edges"><div class="row_index">4</div><ul><li><b>PDB ID:</b> <a href="https://www.rcsb.org/structure/3D0H">3D0H</a> | <b>Chain:</b> F</li><li><b>b-phipsi:</b> 0.0203530137705823</li><li><b>w-rdist:</b> 1.5331807035194478</li><li><b>t-alpha:</b> 0.8686246066632521</li></ul></div></div><div class="container"><div class="item-separator"><hr></div></div><div class="container"><div class="item-separator"><hr></div></div>
<div class="container"><div class="column edges"><div class="row_index">5</div><ul><li><b>PDB ID:</b> <a href="https://www.rcsb.org/structure/3D0H">3D0H</a> | <b>Chain:</b> B</li><li><b>b-phipsi:</b> 0.0985751879197889</li><li><b>w-rdist:</b> 1.3882568978304033</li><li><b>t-alpha:</b> 0.1852942030492377</li></ul></div></div><div class="container"><div class="item-separator"><hr></div></div><div class="container"><div class="item-separator"><hr></div></div>
<div class="container odd"><div class="column edges"><div class="row_index">6</div><ul><li><b>PDB ID:</b> <a href="https://www.rcsb.org/structure/3D0H">3D0H</a> | <b>Chain:</b> E</li><li><b>b-phipsi:</b> 0.0231709519051368</li><li><b>w-rdist:</b> 1.533903067413368</li><li><b>t-alpha:</b> 0.9500002748996104</li></ul></div></div><div class="container"><div class="item-separator"><hr></div></div><div class="container"><div class="item-separator"><hr></div></div></body></html>